---
source: tests/commands/test_preferred_suffix.rs
expression: "normalize_console_output(stdout, hmap!\n{ to_str!(temp_dir.path()) => \"<temp_dir>\" })"
---

