---
source: tests/test_check_file_pair.rs
expression: "stdout.replace(temp_dir.path().to_str().unwrap(), \"<temp_dir>\")"
---
[WARN] Pair of file <temp_dir>/src/utils/logger.py does not exist: <temp_dir>/tests/utils/test_logger.py
[WARN] Pair of file <temp_dir>/src/utils/slack/template.py does not exist: <temp_dir>/tests/utils/slack/test_template.py
[WARN] Creating missing file: <temp_dir>/tests/utils/test_logger.py
[WARN] Creating missing file: <temp_dir>/tests/utils/slack/test_template.py
